Microsoft Windows [version 10.0.17763.503]
(c) 2018 Microsoft Corporation. Tous droits réservés.

C:\Users\Mila>cd ../../xampp/htdocs

C:\xampp\htdocs>rails new castor
      create
      create  README.md
      create  Rakefile
      create  config.ru
      create  .gitignore
      create  Gemfile
         run  git init from "."
Initialized empty Git repository in C:/xampp/htdocs/castor/.git/
      create  app
      create  app/assets/config/manifest.js
      create  app/assets/javascripts/application.js
      create  app/assets/javascripts/cable.js
      create  app/assets/stylesheets/application.css
      create  app/channels/application_cable/channel.rb
      create  app/channels/application_cable/connection.rb
      create  app/controllers/application_controller.rb
      create  app/helpers/application_helper.rb
      create  app/jobs/application_job.rb
      create  app/mailers/application_mailer.rb
      create  app/models/application_record.rb
      create  app/views/layouts/application.html.erb
      create  app/views/layouts/mailer.html.erb
      create  app/views/layouts/mailer.text.erb
      create  app/assets/images/.keep
      create  app/assets/javascripts/channels
      create  app/assets/javascripts/channels/.keep
      create  app/controllers/concerns/.keep
      create  app/models/concerns/.keep
      create  bin
      create  bin/bundle
      create  bin/rails
      create  bin/rake
      create  bin/setup
      create  bin/update
      create  bin/yarn
      create  config
      create  config/routes.rb
      create  config/application.rb
      create  config/environment.rb
      create  config/secrets.yml
      create  config/cable.yml
      create  config/puma.rb
      create  config/environments
      create  config/environments/development.rb
      create  config/environments/production.rb
      create  config/environments/test.rb
      create  config/initializers
      create  config/initializers/application_controller_renderer.rb
      create  config/initializers/assets.rb
      create  config/initializers/backtrace_silencers.rb
      create  config/initializers/cookies_serializer.rb
      create  config/initializers/cors.rb
      create  config/initializers/filter_parameter_logging.rb
      create  config/initializers/inflections.rb
      create  config/initializers/mime_types.rb
      create  config/initializers/new_framework_defaults_5_1.rb
      create  config/initializers/wrap_parameters.rb
      create  config/locales
      create  config/locales/en.yml
      create  config/boot.rb
      create  config/database.yml
      create  db
      create  db/seeds.rb
      create  lib
      create  lib/tasks
      create  lib/tasks/.keep
      create  lib/assets
      create  lib/assets/.keep
      create  log
      create  log/.keep
      create  public
      create  public/404.html
      create  public/422.html
      create  public/500.html
      create  public/apple-touch-icon-precomposed.png
      create  public/apple-touch-icon.png
      create  public/favicon.ico
      create  public/robots.txt
      create  test/fixtures
      create  test/fixtures/.keep
      create  test/fixtures/files
      create  test/fixtures/files/.keep
      create  test/controllers
      create  test/controllers/.keep
      create  test/mailers
      create  test/mailers/.keep
      create  test/models
      create  test/models/.keep
      create  test/helpers
      create  test/helpers/.keep
      create  test/integration
      create  test/integration/.keep
      create  test/test_helper.rb
      create  test/system
      create  test/system/.keep
      create  test/application_system_test_case.rb
      create  tmp
      create  tmp/.keep
      create  tmp/cache
      create  tmp/cache/assets
      create  vendor
      create  vendor/.keep
      create  package.json
      remove  config/initializers/cors.rb
      remove  config/initializers/new_framework_defaults_5_1.rb
         run  bundle install
Fetching gem metadata from https://rubygems.org/.............
Fetching version metadata from https://rubygems.org/..
Fetching dependency metadata from https://rubygems.org/.
Resolving dependencies...
Fetching rake 12.3.2
Installing rake 12.3.2
Fetching concurrent-ruby 1.1.5
Installing concurrent-ruby 1.1.5
Fetching minitest 5.11.3
Installing minitest 5.11.3
Using thread_safe 0.3.6
Using builder 3.2.3
Fetching erubi 1.8.0
Installing erubi 1.8.0
Fetching mini_portile2 2.4.0
Installing mini_portile2 2.4.0
Fetching crass 1.0.4
Installing crass 1.0.4
Fetching rack 2.0.7
Installing rack 2.0.7
Fetching nio4r 2.3.1
Installing nio4r 2.3.1 with native extensions
Fetching websocket-extensions 0.1.3
Installing websocket-extensions 0.1.3
Fetching mini_mime 1.0.1
Installing mini_mime 1.0.1
Using arel 8.0.0
Fetching public_suffix 3.1.0
Installing public_suffix 3.1.0
Fetching bindex 0.7.0
Installing bindex 0.7.0 with native extensions
Using bundler 1.15.3
Fetching byebug 11.0.1
Installing byebug 11.0.1 with native extensions
Using coffee-script-source 1.12.2
Using execjs 2.7.0
Fetching method_source 0.9.2
Installing method_source 0.9.2
Fetching thor 0.20.3
Installing thor 0.20.3
Fetching ffi 1.11.1 (x86-mingw32)
Installing ffi 1.11.1 (x86-mingw32)
Fetching puma 3.12.1
Installing puma 3.12.1 with native extensions
Fetching rb-fsevent 0.10.3
Installing rb-fsevent 0.10.3
Fetching rubyzip 1.2.3
Installing rubyzip 1.2.3
Fetching tilt 2.0.9
Installing tilt 2.0.9
Fetching sqlite3 1.4.1
Installing sqlite3 1.4.1 with native extensions
Fetching turbolinks-source 5.2.0
Installing turbolinks-source 5.2.0
Fetching childprocess 1.0.1
Installing childprocess 1.0.1 with native extensions
Fetching i18n 1.6.0
Installing i18n 1.6.0
Fetching tzinfo 1.2.5
Installing tzinfo 1.2.5
Fetching nokogiri 1.10.3 (x86-mingw32)
Installing nokogiri 1.10.3 (x86-mingw32)
Fetching rack-test 1.1.0
Installing rack-test 1.1.0
Fetching sprockets 3.7.2
Installing sprockets 3.7.2
Using websocket-driver 0.6.5
Fetching mail 2.7.1
Installing mail 2.7.1
Fetching addressable 2.6.0
Installing addressable 2.6.0
Using coffee-script 2.4.1
Fetching uglifier 4.1.20
Installing uglifier 4.1.20
Fetching rb-inotify 0.10.0
Installing rb-inotify 0.10.0
Gem::Ext::BuildError: ERROR: Failed to build gem native extension.

current directory:
C:/RailsInstaller/Ruby2.3.3/lib/ruby/gems/2.3.0/gems/sqlite3-1.4.1/ext/sqlite3
C:/RailsInstaller/Ruby2.3.3/bin/ruby.exe -r ./siteconf20190605-8648-1jfxspx.rb
extconf.rb
checking for sqlite3.h... no
sqlite3.h is missing. Install SQLite3 from http://www.sqlite.org/ first.
*** extconf.rb failed ***
Could not create Makefile due to some reason, probably lack of necessary
libraries and/or headers.  Check the mkmf.log file for more details.  You may
need configuration options.

Provided configuration options:
        --with-opt-dir
        --without-opt-dir
        --with-opt-include
        --without-opt-include=${opt-dir}/include
        --with-opt-lib
        --without-opt-lib=${opt-dir}/lib
        --with-make-prog
        --without-make-prog
        --srcdir=.
        --curdir
        --ruby=C:/RailsInstaller/Ruby2.3.3/bin/$(RUBY_BASE_NAME)
        --with-sqlcipher
        --without-sqlcipher
        --with-sqlite3-config
        --without-sqlite3-config
        --with-pkg-config
        --without-pkg-config
        --with-sqlcipher
        --without-sqlcipher
        --with-sqlite3-dir
        --without-sqlite3-dir
        --with-sqlite3-include
        --without-sqlite3-include=${sqlite3-dir}/include
        --with-sqlite3-lib
        --without-sqlite3-lib=${sqlite3-dir}/lib

To see why this extension failed to compile, please check the mkmf.log which can
be found here:

C:/RailsInstaller/Ruby2.3.3/lib/ruby/gems/2.3.0/extensions/x86-mingw32/2.3.0/sqlite3-1.4.1/mkmf.log

extconf failed, exit code 1

Gem files will remain installed in
C:/RailsInstaller/Ruby2.3.3/lib/ruby/gems/2.3.0/gems/sqlite3-1.4.1 for
inspection.
Results logged to
C:/RailsInstaller/Ruby2.3.3/lib/ruby/gems/2.3.0/extensions/x86-mingw32/2.3.0/sqlite3-1.4.1/gem_make.out

An error occurred while installing sqlite3 (1.4.1), and Bundler cannot continue.
Make sure that `gem install sqlite3 -v '1.4.1'` succeeds before bundling.

In Gemfile:
  sqlite3

C:\xampp\htdocs>rails --v
Usage:
  rails new APP_PATH [options]

Options:
  -r, [--ruby=PATH]                                      # Path to the Ruby binary of your choice
                                                         # Default: C:/RailsInstaller/Ruby2.3.3/bin/ruby.exe
  -m, [--template=TEMPLATE]                              # Path to some application template (can be a filesystem path or URL)
  -d, [--database=DATABASE]                              # Preconfigure for selected database (options: mysql/postgresql/sqlite3/oracle/frontbase/ibm_db/sqlserver/jdbcmysql/jdbcsqlite3/jdbcpostgresql/jdbc)
                                                         # Default: sqlite3
      [--skip-yarn], [--no-skip-yarn]                    # Don't use Yarn for managing JavaScript dependencies
      [--skip-gemfile], [--no-skip-gemfile]              # Don't create a Gemfile
  -G, [--skip-git], [--no-skip-git]                      # Skip .gitignore file
      [--skip-keeps], [--no-skip-keeps]                  # Skip source control .keep files
  -M, [--skip-action-mailer], [--no-skip-action-mailer]  # Skip Action Mailer files
  -O, [--skip-active-record], [--no-skip-active-record]  # Skip Active Record files
  -P, [--skip-puma], [--no-skip-puma]                    # Skip Puma related files
  -C, [--skip-action-cable], [--no-skip-action-cable]    # Skip Action Cable files
  -S, [--skip-sprockets], [--no-skip-sprockets]          # Skip Sprockets files
      [--skip-spring], [--no-skip-spring]                # Don't install Spring application preloader
      [--skip-listen], [--no-skip-listen]                # Don't generate configuration that depends on the listen gem
      [--skip-coffee], [--no-skip-coffee]                # Don't use CoffeeScript
  -J, [--skip-javascript], [--no-skip-javascript]        # Skip JavaScript files
      [--skip-turbolinks], [--no-skip-turbolinks]        # Skip turbolinks gem
  -T, [--skip-test], [--no-skip-test]                    # Skip test files
      [--skip-system-test], [--no-skip-system-test]      # Skip system test files
      [--dev], [--no-dev]                                # Setup the application with Gemfile pointing to your Rails checkout
      [--edge], [--no-edge]                              # Setup the application with Gemfile pointing to Rails repository
      [--rc=RC]                                          # Path to file containing extra configuration options for rails command
      [--no-rc], [--no-no-rc]                            # Skip loading of extra configuration options from .railsrc file
      [--api], [--no-api]                                # Preconfigure smaller stack for API only apps
  -B, [--skip-bundle], [--no-skip-bundle]                # Don't run bundle install
      [--webpack=WEBPACK]                                # Preconfigure for app-like JavaScript with Webpack (options: react/vue/angular)

Runtime options:
  -f, [--force]                    # Overwrite files that already exist
  -p, [--pretend], [--no-pretend]  # Run but do not make any changes
  -q, [--quiet], [--no-quiet]      # Suppress status output
  -s, [--skip], [--no-skip]        # Skip files that already exist

Rails options:
  -h, [--help], [--no-help]        # Show this help message and quit
  -v, [--version], [--no-version]  # Show Rails version number and quit

Description:
    The 'rails new' command creates a new Rails application with a default
    directory structure and configuration at the path you specify.

    You can specify extra command-line arguments to be used every time
    'rails new' runs in the .railsrc configuration file in your home directory.

    Note that the arguments specified in the .railsrc file don't affect the
    defaults values shown above in this help message.

Example:
    rails new ~/Code/Ruby/weblog

    This generates a skeletal Rails installation in ~/Code/Ruby/weblog.

C:\xampp\htdocs>rails --version
Rails 5.1.3

C:\xampp\htdocs>cd castor

C:\xampp\htdocs\castor>rails server
Could not find gem 'turbolinks (~> 5) x86-mingw32' in any of the gem sources listed in your Gemfile.
Run `bundle install` to install missing gems.

C:\xampp\htdocs\castor>bundle install
The latest bundler is 2.0.1, but you are currently running 1.15.3.
To update, run `gem install bundler`
Fetching gem metadata from https://rubygems.org/..............
Fetching version metadata from https://rubygems.org/...
Fetching dependency metadata from https://rubygems.org/..
Resolving dependencies...
Using rake 12.3.2
Using concurrent-ruby 1.1.5
Using minitest 5.11.3
Using thread_safe 0.3.6
Using builder 3.2.3
Using erubi 1.8.0
Using mini_portile2 2.4.0
Using crass 1.0.4
Using rack 2.0.7
Using nio4r 2.3.1
Using websocket-extensions 0.1.3
Using mini_mime 1.0.1
Using arel 8.0.0
Using public_suffix 3.1.0
Using bindex 0.7.0
Using bundler 1.15.3
Using byebug 11.0.1
Using coffee-script-source 1.12.2
Using execjs 2.7.0
Using method_source 0.9.2
Using thor 0.20.3
Using ffi 1.11.1 (x86-mingw32)
Using puma 3.12.1
Using rb-fsevent 0.10.3
Using rubyzip 1.2.3
Using tilt 2.0.9
Fetching sqlite3 1.4.1
Installing sqlite3 1.4.1 with native extensions
Using turbolinks-source 5.2.0
Using childprocess 1.0.1
Using i18n 1.6.0
Using tzinfo 1.2.5
Using nokogiri 1.10.3 (x86-mingw32)
Using rack-test 1.1.0
Using sprockets 3.7.2
Using websocket-driver 0.6.5
Using mail 2.7.1
Using addressable 2.6.0
Using coffee-script 2.4.1
Using uglifier 4.1.20
Using rb-inotify 0.10.0
Gem::Ext::BuildError: ERROR: Failed to build gem native extension.

current directory:
C:/RailsInstaller/Ruby2.3.3/lib/ruby/gems/2.3.0/gems/sqlite3-1.4.1/ext/sqlite3
C:/RailsInstaller/Ruby2.3.3/bin/ruby.exe -r ./siteconf20190605-9208-2zq9k3.rb
extconf.rb
checking for sqlite3.h... no
sqlite3.h is missing. Install SQLite3 from http://www.sqlite.org/ first.
*** extconf.rb failed ***
Could not create Makefile due to some reason, probably lack of necessary
libraries and/or headers.  Check the mkmf.log file for more details.  You may
need configuration options.

Provided configuration options:
        --with-opt-dir
        --without-opt-dir
        --with-opt-include
        --without-opt-include=${opt-dir}/include
        --with-opt-lib
        --without-opt-lib=${opt-dir}/lib
        --with-make-prog
        --without-make-prog
        --srcdir=.
        --curdir
        --ruby=C:/RailsInstaller/Ruby2.3.3/bin/$(RUBY_BASE_NAME)
        --with-sqlcipher
        --without-sqlcipher
        --with-sqlite3-config
        --without-sqlite3-config
        --with-pkg-config
        --without-pkg-config
        --with-sqlcipher
        --without-sqlcipher
        --with-sqlite3-dir
        --without-sqlite3-dir
        --with-sqlite3-include
        --without-sqlite3-include=${sqlite3-dir}/include
        --with-sqlite3-lib
        --without-sqlite3-lib=${sqlite3-dir}/lib

To see why this extension failed to compile, please check the mkmf.log which can
be found here:

C:/RailsInstaller/Ruby2.3.3/lib/ruby/gems/2.3.0/extensions/x86-mingw32/2.3.0/sqlite3-1.4.1/mkmf.log

extconf failed, exit code 1

Gem files will remain installed in
C:/RailsInstaller/Ruby2.3.3/lib/ruby/gems/2.3.0/gems/sqlite3-1.4.1 for
inspection.
Results logged to
C:/RailsInstaller/Ruby2.3.3/lib/ruby/gems/2.3.0/extensions/x86-mingw32/2.3.0/sqlite3-1.4.1/gem_make.out

An error occurred while installing sqlite3 (1.4.1), and Bundler cannot continue.
Make sure that `gem install sqlite3 -v '1.4.1'` succeeds before bundling.

In Gemfile:
  sqlite3

C:\xampp\htdocs\castor>gem install bundler
Fetching: bundler-2.0.1.gem (100%)
Successfully installed bundler-2.0.1
Parsing documentation for bundler-2.0.1
Installing ri documentation for bundler-2.0.1
Done installing documentation for bundler after 19 seconds
1 gem installed

C:\xampp\htdocs\castor>rails server
Could not find gem 'turbolinks (~> 5) x86-mingw32' in any of the gem sources listed in your Gemfile.
Run `bundle install` to install missing gems.

C:\xampp\htdocs\castor>gem install sqlite3 -v '1.4.1'
Temporarily enhancing PATH to include DevKit...
Building native extensions.  This could take a while...
ERROR:  Error installing sqlite3:
        ERROR: Failed to build gem native extension.

    current directory: C:/RailsInstaller/Ruby2.3.3/lib/ruby/gems/2.3.0/gems/sqlite3-1.4.1/ext/sqlite3
C:/RailsInstaller/Ruby2.3.3/bin/ruby.exe -r ./siteconf20190605-8696-1ozmz6f.rb extconf.rb
checking for sqlite3.h... no
sqlite3.h is missing. Install SQLite3 from http://www.sqlite.org/ first.
*** extconf.rb failed ***
Could not create Makefile due to some reason, probably lack of necessary
libraries and/or headers.  Check the mkmf.log file for more details.  You may
need configuration options.

Provided configuration options:
        --with-opt-dir
        --without-opt-dir
        --with-opt-include
        --without-opt-include=${opt-dir}/include
        --with-opt-lib
        --without-opt-lib=${opt-dir}/lib
        --with-make-prog
        --without-make-prog
        --srcdir=.
        --curdir
        --ruby=C:/RailsInstaller/Ruby2.3.3/bin/$(RUBY_BASE_NAME)
        --with-sqlcipher
        --without-sqlcipher
        --with-sqlite3-config
        --without-sqlite3-config
        --with-pkg-config
        --without-pkg-config
        --with-sqlcipher
        --without-sqlcipher
        --with-sqlite3-dir
        --without-sqlite3-dir
        --with-sqlite3-include
        --without-sqlite3-include=${sqlite3-dir}/include
        --with-sqlite3-lib
        --without-sqlite3-lib=${sqlite3-dir}/lib

To see why this extension failed to compile, please check the mkmf.log which can be found here:

  C:/RailsInstaller/Ruby2.3.3/lib/ruby/gems/2.3.0/extensions/x86-mingw32/2.3.0/sqlite3-1.4.1/mkmf.log

extconf failed, exit code 1

Gem files will remain installed in C:/RailsInstaller/Ruby2.3.3/lib/ruby/gems/2.3.0/gems/sqlite3-1.4.1 for inspection.
Results logged to C:/RailsInstaller/Ruby2.3.3/lib/ruby/gems/2.3.0/extensions/x86-mingw32/2.3.0/sqlite3-1.4.1/gem_make.out

C:\xampp\htdocs\castor>sqlite3
SQLite version 3.8.7.2 2014-11-18 20:57:56
Enter ".help" for usage hints.
Connected to a transient in-memory database.
Use ".open FILENAME" to reopen on a persistent database.
sqlite>

C:\xampp\htdocs\castor>rails server
Could not find gem 'turbolinks (~> 5) x86-mingw32' in any of the gem sources listed in your Gemfile.
Run `bundle install` to install missing gems.

C:\xampp\htdocs\castor>gem install bundler
Successfully installed bundler-2.0.1
Parsing documentation for bundler-2.0.1
Done installing documentation for bundler after 6 seconds
1 gem installed

C:\xampp\htdocs\castor>rails server
Could not find gem 'turbolinks (~> 5) x86-mingw32' in any of the gem sources listed in your Gemfile.
Run `bundle install` to install missing gems.

C:\xampp\htdocs\castor>bundle install
Fetching gem metadata from https://rubygems.org/.............
Fetching gem metadata from https://rubygems.org/.
Resolving dependencies.....
Using rake 12.3.2
Using concurrent-ruby 1.1.5
Using i18n 1.6.0
Using minitest 5.11.3
Using thread_safe 0.3.6
Using tzinfo 1.2.5
Fetching activesupport 5.1.7
Installing activesupport 5.1.7
Using builder 3.2.3
Using erubi 1.8.0
Using mini_portile2 2.4.0
Using nokogiri 1.10.3 (x86-mingw32)
Using rails-dom-testing 2.0.3
Using crass 1.0.4
Fetching loofah 2.2.3
Installing loofah 2.2.3
Fetching rails-html-sanitizer 1.0.4
Installing rails-html-sanitizer 1.0.4
Fetching actionview 5.1.7
Installing actionview 5.1.7
Using rack 2.0.7
Using rack-test 1.1.0
Fetching actionpack 5.1.7
Installing actionpack 5.1.7
Using nio4r 2.3.1
Using websocket-extensions 0.1.3
Using websocket-driver 0.6.5
Fetching actioncable 5.1.7
Installing actioncable 5.1.7
Fetching globalid 0.4.2
Installing globalid 0.4.2
Fetching activejob 5.1.7
Installing activejob 5.1.7
Using mini_mime 1.0.1
Using mail 2.7.1
Fetching actionmailer 5.1.7
Installing actionmailer 5.1.7
Fetching activemodel 5.1.7
Installing activemodel 5.1.7
Using arel 8.0.0
Fetching activerecord 5.1.7
Installing activerecord 5.1.7
Using public_suffix 3.1.0
Using addressable 2.6.0
Using bindex 0.7.0
Using bundler 2.0.1
Using byebug 11.0.1
Fetching xpath 3.2.0
Installing xpath 3.2.0
Fetching capybara 2.18.0
Installing capybara 2.18.0
Using childprocess 1.0.1
Using coffee-script-source 1.12.2
Using execjs 2.7.0
Using coffee-script 2.4.1
Using method_source 0.9.2
Using thor 0.20.3
Fetching railties 5.1.7
Installing railties 5.1.7
Using coffee-rails 4.2.2
Using ffi 1.11.1 (x86-mingw32)
Fetching jbuilder 2.9.1
Installing jbuilder 2.9.1
Using puma 3.12.1
Using sprockets 3.7.2
Using sprockets-rails 3.2.1
Fetching rails 5.1.7
Installing rails 5.1.7
Using rb-fsevent 0.10.3
Using rb-inotify 0.10.0
Using rubyzip 1.2.3
Using sass-listen 4.0.0
Fetching sass 3.7.4
Installing sass 3.7.4
Using tilt 2.0.9
Fetching sass-rails 5.0.7
Installing sass-rails 5.0.7
Fetching selenium-webdriver 3.142.3
Installing selenium-webdriver 3.142.3
Fetching sqlite3 1.4.1
Installing sqlite3 1.4.1 with native extensions
Gem::Ext::BuildError: ERROR: Failed to build gem native extension.

current directory:
C:/RailsInstaller/Ruby2.3.3/lib/ruby/gems/2.3.0/gems/sqlite3-1.4.1/ext/sqlite3
C:/RailsInstaller/Ruby2.3.3/bin/ruby.exe -r ./siteconf20190605-7044-d3unah.rb
extconf.rb
checking for sqlite3.h... no
sqlite3.h is missing. Install SQLite3 from http://www.sqlite.org/ first.
*** extconf.rb failed ***
Could not create Makefile due to some reason, probably lack of necessary
libraries and/or headers.  Check the mkmf.log file for more details.  You may
need configuration options.

Provided configuration options:
        --with-opt-dir
        --without-opt-dir
        --with-opt-include
        --without-opt-include=${opt-dir}/include
        --with-opt-lib
        --without-opt-lib=${opt-dir}/lib
        --with-make-prog
        --without-make-prog
        --srcdir=.
        --curdir
        --ruby=C:/RailsInstaller/Ruby2.3.3/bin/$(RUBY_BASE_NAME)
        --with-sqlcipher
        --without-sqlcipher
        --with-sqlite3-config
        --without-sqlite3-config
        --with-pkg-config
        --without-pkg-config
        --with-sqlcipher
        --without-sqlcipher
        --with-sqlite3-dir
        --without-sqlite3-dir
        --with-sqlite3-include
        --without-sqlite3-include=${sqlite3-dir}/include
        --with-sqlite3-lib
        --without-sqlite3-lib=${sqlite3-dir}/lib

To see why this extension failed to compile, please check the mkmf.log which can
be found here:

C:/RailsInstaller/Ruby2.3.3/lib/ruby/gems/2.3.0/extensions/x86-mingw32/2.3.0/sqlite3-1.4.1/mkmf.log

extconf failed, exit code 1

Gem files will remain installed in
C:/RailsInstaller/Ruby2.3.3/lib/ruby/gems/2.3.0/gems/sqlite3-1.4.1 for
inspection.
Results logged to
C:/RailsInstaller/Ruby2.3.3/lib/ruby/gems/2.3.0/extensions/x86-mingw32/2.3.0/sqlite3-1.4.1/gem_make.out

An error occurred while installing sqlite3 (1.4.1), and Bundler cannot continue.
Make sure that `gem install sqlite3 -v '1.4.1' --source 'https://rubygems.org/'`
succeeds before bundling.

In Gemfile:
  sqlite3

C:\xampp\htdocs\castor>bundle install
Fetching gem metadata from https://rubygems.org/.............
Fetching gem metadata from https://rubygems.org/.
Resolving dependencies....
Using rake 12.3.2
Using concurrent-ruby 1.1.5
Using i18n 1.6.0
Using minitest 5.11.3
Using thread_safe 0.3.6
Using tzinfo 1.2.5
Using activesupport 5.1.7
Using builder 3.2.3
Using erubi 1.8.0
Using mini_portile2 2.4.0
Using nokogiri 1.10.3 (x86-mingw32)
Using rails-dom-testing 2.0.3
Using crass 1.0.4
Using loofah 2.2.3
Using rails-html-sanitizer 1.0.4
Using actionview 5.1.7
Using rack 2.0.7
Using rack-test 1.1.0
Using actionpack 5.1.7
Using nio4r 2.3.1
Using websocket-extensions 0.1.3
Using websocket-driver 0.6.5
Using actioncable 5.1.7
Using globalid 0.4.2
Using activejob 5.1.7
Using mini_mime 1.0.1
Using mail 2.7.1
Using actionmailer 5.1.7
Using activemodel 5.1.7
Using arel 8.0.0
Using activerecord 5.1.7
Using public_suffix 3.1.0
Using addressable 2.6.0
Using bindex 0.7.0
Using bundler 2.0.1
Using byebug 11.0.1
Using xpath 3.2.0
Using capybara 2.18.0
Using childprocess 1.0.1
Using coffee-script-source 1.12.2
Using execjs 2.7.0
Using coffee-script 2.4.1
Using method_source 0.9.2
Using thor 0.20.3
Using railties 5.1.7
Using coffee-rails 4.2.2
Using ffi 1.11.1 (x86-mingw32)
Using jbuilder 2.9.1
Using puma 3.12.1
Using sprockets 3.7.2
Using sprockets-rails 3.2.1
Using rails 5.1.7
Using rb-fsevent 0.10.3
Using rb-inotify 0.10.0
Using rubyzip 1.2.3
Using sass-listen 4.0.0
Using sass 3.7.4
Using tilt 2.0.9
Using sass-rails 5.0.7
Using selenium-webdriver 3.142.3
Using sqlite3 1.3.13 (x86-mingw32)
Using turbolinks-source 5.2.0
Fetching turbolinks 5.2.0
Installing turbolinks 5.2.0
Fetching tzinfo-data 1.2019.1
Installing tzinfo-data 1.2019.1
Using uglifier 4.1.20
Fetching web-console 3.7.0
Installing web-console 3.7.0
Bundle complete! 13 Gemfile dependencies, 66 gems now installed.
Use `bundle info [gemname]` to see where a bundled gem is installed.

C:\xampp\htdocs\castor>rails server
=> Booting Puma
=> Rails 5.1.7 application starting in development
=> Run `rails server -h` for more startup options
*** SIGUSR2 not implemented, signal based restart unavailable!
*** SIGUSR1 not implemented, signal based restart unavailable!
*** SIGHUP not implemented, signal based logs reopening unavailable!
Puma starting in single mode...
* Version 3.12.1 (ruby 2.3.3-p222), codename: Llamas in Pajamas
* Min threads: 5, max threads: 5
* Environment: development
* Listening on tcp://localhost:3000
Use Ctrl-C to stop
